------------------------------------------------------------
Timing Analyzer Summary
------------------------------------------------------------

Type  : Slow 850mV 85C Model Setup 'clk125_pll|pll_0|altera_pll_i|general[0].gpll~PLL_OUTPUT_COUNTER|divclk'
Slack : 0.506
TNS   : 0.000

Type  : Slow 850mV 85C Model Setup 'sdi_tx_phy|xcvr_native_avgz_0|gen_native_inst.xcvr_native_insts[0].gen_bonded_group_native.xcvr_native_inst|inst_sv_pma|tx_pma.sv_tx_pma_inst|tx_pma_insts[0].sv_tx_pma_ch_inst|tx_pma_ch.tx_cgb|pclk[1]'
Slack : 0.547
TNS   : 0.000

Type  : Slow 850mV 85C Model Setup 'memrefclk_i'
Slack : 3.791
TNS   : 0.000

Type  : Slow 850mV 85C Model Setup 'clk_lvds_i'
Slack : 4.008
TNS   : 0.000

Type  : Slow 850mV 85C Model Setup 'gclk0_148m50_i'
Slack : 5.814
TNS   : 0.000

Type  : Slow 850mV 85C Model Setup 'clk125_pll|pll_0|altera_pll_i|general[2].gpll~PLL_OUTPUT_COUNTER|divclk'
Slack : 6.848
TNS   : 0.000

Type  : Slow 850mV 85C Model Setup 'n/a'
Slack : 13.548
TNS   : 0.000

Type  : Slow 850mV 85C Model Setup 'altera_reserved_tck'
Slack : 37.382
TNS   : 0.000

Type  : Slow 850mV 85C Model Hold 'altera_reserved_tck'
Slack : 0.067
TNS   : 0.000

Type  : Slow 850mV 85C Model Hold 'clk125_pll|pll_0|altera_pll_i|general[0].gpll~PLL_OUTPUT_COUNTER|divclk'
Slack : 0.113
TNS   : 0.000

Type  : Slow 850mV 85C Model Hold 'clk125_pll|pll_0|altera_pll_i|general[2].gpll~PLL_OUTPUT_COUNTER|divclk'
Slack : 0.148
TNS   : 0.000

Type  : Slow 850mV 85C Model Hold 'clk_lvds_i'
Slack : 0.153
TNS   : 0.000

Type  : Slow 850mV 85C Model Hold 'sdi_tx_phy|xcvr_native_avgz_0|gen_native_inst.xcvr_native_insts[0].gen_bonded_group_native.xcvr_native_inst|inst_sv_pma|tx_pma.sv_tx_pma_inst|tx_pma_insts[0].sv_tx_pma_ch_inst|tx_pma_ch.tx_cgb|pclk[1]'
Slack : 0.155
TNS   : 0.000

Type  : Slow 850mV 85C Model Hold 'memrefclk_i'
Slack : 0.204
TNS   : 0.000

Type  : Slow 850mV 85C Model Hold 'gclk0_148m50_i'
Slack : 0.250
TNS   : 0.000

Type  : Slow 850mV 85C Model Hold 'n/a'
Slack : 15.639
TNS   : 0.000

Type  : Slow 850mV 85C Model Recovery 'clk125_pll|pll_0|altera_pll_i|general[0].gpll~PLL_OUTPUT_COUNTER|divclk'
Slack : 1.679
TNS   : 0.000

Type  : Slow 850mV 85C Model Recovery 'clk_lvds_i'
Slack : 4.918
TNS   : 0.000

Type  : Slow 850mV 85C Model Recovery 'clk125_pll|pll_0|altera_pll_i|general[2].gpll~PLL_OUTPUT_COUNTER|divclk'
Slack : 7.142
TNS   : 0.000

Type  : Slow 850mV 85C Model Recovery 'altera_reserved_tck'
Slack : 95.522
TNS   : 0.000

Type  : Slow 850mV 85C Model Removal 'clk125_pll|pll_0|altera_pll_i|general[2].gpll~PLL_OUTPUT_COUNTER|divclk'
Slack : 0.255
TNS   : 0.000

Type  : Slow 850mV 85C Model Removal 'altera_reserved_tck'
Slack : 0.264
TNS   : 0.000

Type  : Slow 850mV 85C Model Removal 'clk_lvds_i'
Slack : 0.282
TNS   : 0.000

Type  : Slow 850mV 85C Model Removal 'clk125_pll|pll_0|altera_pll_i|general[0].gpll~PLL_OUTPUT_COUNTER|divclk'
Slack : 0.483
TNS   : 0.000

Type  : Slow 850mV 85C Model Minimum Pulse Width 'sdi_tx_phy|xcvr_native_avgz_0|gen_native_inst.xcvr_native_insts[0].gen_bonded_group_plls.gen_tx_plls.tx_plls|pll[0].pll.atx_pll.tx_pll|clk010g'
Slack : 0.084
TNS   : 0.000

Type  : Slow 850mV 85C Model Minimum Pulse Width 'clk125_pll|pll_0|altera_pll_i|general[0].gpll~FRACTIONAL_PLL|vcoph[0]'
Slack : 0.333
TNS   : 0.000

Type  : Slow 850mV 85C Model Minimum Pulse Width 'clk125_pll|pll_0|altera_pll_i|general[0].gpll~PLL_OUTPUT_COUNTER|divclk'
Slack : 0.833
TNS   : 0.000

Type  : Slow 850mV 85C Model Minimum Pulse Width 'sdi_tx_phy|xcvr_native_avgz_0|gen_native_inst.xcvr_native_insts[0].gen_bonded_group_native.xcvr_native_inst|inst_sv_pma|tx_pma.sv_tx_pma_inst|tx_pma_insts[0].sv_tx_pma_ch_inst|tx_pma_ch.tx_cgb|pclk[1]'
Slack : 0.867
TNS   : 0.000

Type  : Slow 850mV 85C Model Minimum Pulse Width 'clk_lvds_i'
Slack : 2.865
TNS   : 0.000

Type  : Slow 850mV 85C Model Minimum Pulse Width 'gclk0_148m50_i'
Slack : 2.877
TNS   : 0.000

Type  : Slow 850mV 85C Model Minimum Pulse Width 'egress_refclk_0'
Slack : 3.367
TNS   : 0.000

Type  : Slow 850mV 85C Model Minimum Pulse Width 'clk125_pll|pll_0|altera_pll_i|general[2].gpll~PLL_OUTPUT_COUNTER|divclk'
Slack : 3.455
TNS   : 0.000

Type  : Slow 850mV 85C Model Minimum Pulse Width 'memrefclk_i'
Slack : 3.504
TNS   : 0.000

Type  : Slow 850mV 85C Model Minimum Pulse Width 'altera_reserved_tck'
Slack : 49.137
TNS   : 0.000

Type  : Slow 850mV 0C Model Setup 'clk125_pll|pll_0|altera_pll_i|general[0].gpll~PLL_OUTPUT_COUNTER|divclk'
Slack : 0.648
TNS   : 0.000

Type  : Slow 850mV 0C Model Setup 'sdi_tx_phy|xcvr_native_avgz_0|gen_native_inst.xcvr_native_insts[0].gen_bonded_group_native.xcvr_native_inst|inst_sv_pma|tx_pma.sv_tx_pma_inst|tx_pma_insts[0].sv_tx_pma_ch_inst|tx_pma_ch.tx_cgb|pclk[1]'
Slack : 0.784
TNS   : 0.000

Type  : Slow 850mV 0C Model Setup 'clk_lvds_i'
Slack : 4.100
TNS   : 0.000

Type  : Slow 850mV 0C Model Setup 'memrefclk_i'
Slack : 4.155
TNS   : 0.000

Type  : Slow 850mV 0C Model Setup 'gclk0_148m50_i'
Slack : 5.848
TNS   : 0.000

Type  : Slow 850mV 0C Model Setup 'clk125_pll|pll_0|altera_pll_i|general[2].gpll~PLL_OUTPUT_COUNTER|divclk'
Slack : 6.903
TNS   : 0.000

Type  : Slow 850mV 0C Model Setup 'n/a'
Slack : 13.549
TNS   : 0.000

Type  : Slow 850mV 0C Model Setup 'altera_reserved_tck'
Slack : 37.587
TNS   : 0.000

Type  : Slow 850mV 0C Model Hold 'altera_reserved_tck'
Slack : 0.085
TNS   : 0.000

Type  : Slow 850mV 0C Model Hold 'clk125_pll|pll_0|altera_pll_i|general[0].gpll~PLL_OUTPUT_COUNTER|divclk'
Slack : 0.155
TNS   : 0.000

Type  : Slow 850mV 0C Model Hold 'sdi_tx_phy|xcvr_native_avgz_0|gen_native_inst.xcvr_native_insts[0].gen_bonded_group_native.xcvr_native_inst|inst_sv_pma|tx_pma.sv_tx_pma_inst|tx_pma_insts[0].sv_tx_pma_ch_inst|tx_pma_ch.tx_cgb|pclk[1]'
Slack : 0.171
TNS   : 0.000

Type  : Slow 850mV 0C Model Hold 'clk125_pll|pll_0|altera_pll_i|general[2].gpll~PLL_OUTPUT_COUNTER|divclk'
Slack : 0.218
TNS   : 0.000

Type  : Slow 850mV 0C Model Hold 'clk_lvds_i'
Slack : 0.233
TNS   : 0.000

Type  : Slow 850mV 0C Model Hold 'memrefclk_i'
Slack : 0.261
TNS   : 0.000

Type  : Slow 850mV 0C Model Hold 'gclk0_148m50_i'
Slack : 0.319
TNS   : 0.000

Type  : Slow 850mV 0C Model Hold 'n/a'
Slack : 15.664
TNS   : 0.000

Type  : Slow 850mV 0C Model Recovery 'clk125_pll|pll_0|altera_pll_i|general[0].gpll~PLL_OUTPUT_COUNTER|divclk'
Slack : 1.805
TNS   : 0.000

Type  : Slow 850mV 0C Model Recovery 'clk_lvds_i'
Slack : 5.040
TNS   : 0.000

Type  : Slow 850mV 0C Model Recovery 'clk125_pll|pll_0|altera_pll_i|general[2].gpll~PLL_OUTPUT_COUNTER|divclk'
Slack : 7.269
TNS   : 0.000

Type  : Slow 850mV 0C Model Recovery 'altera_reserved_tck'
Slack : 95.799
TNS   : 0.000

Type  : Slow 850mV 0C Model Removal 'clk125_pll|pll_0|altera_pll_i|general[2].gpll~PLL_OUTPUT_COUNTER|divclk'
Slack : 0.305
TNS   : 0.000

Type  : Slow 850mV 0C Model Removal 'altera_reserved_tck'
Slack : 0.330
TNS   : 0.000

Type  : Slow 850mV 0C Model Removal 'clk_lvds_i'
Slack : 0.332
TNS   : 0.000

Type  : Slow 850mV 0C Model Removal 'clk125_pll|pll_0|altera_pll_i|general[0].gpll~PLL_OUTPUT_COUNTER|divclk'
Slack : 0.528
TNS   : 0.000

Type  : Slow 850mV 0C Model Minimum Pulse Width 'sdi_tx_phy|xcvr_native_avgz_0|gen_native_inst.xcvr_native_insts[0].gen_bonded_group_plls.gen_tx_plls.tx_plls|pll[0].pll.atx_pll.tx_pll|clk010g'
Slack : 0.084
TNS   : 0.000

Type  : Slow 850mV 0C Model Minimum Pulse Width 'clk125_pll|pll_0|altera_pll_i|general[0].gpll~FRACTIONAL_PLL|vcoph[0]'
Slack : 0.333
TNS   : 0.000

Type  : Slow 850mV 0C Model Minimum Pulse Width 'clk125_pll|pll_0|altera_pll_i|general[0].gpll~PLL_OUTPUT_COUNTER|divclk'
Slack : 0.833
TNS   : 0.000

Type  : Slow 850mV 0C Model Minimum Pulse Width 'sdi_tx_phy|xcvr_native_avgz_0|gen_native_inst.xcvr_native_insts[0].gen_bonded_group_native.xcvr_native_inst|inst_sv_pma|tx_pma.sv_tx_pma_inst|tx_pma_insts[0].sv_tx_pma_ch_inst|tx_pma_ch.tx_cgb|pclk[1]'
Slack : 0.844
TNS   : 0.000

Type  : Slow 850mV 0C Model Minimum Pulse Width 'clk_lvds_i'
Slack : 2.864
TNS   : 0.000

Type  : Slow 850mV 0C Model Minimum Pulse Width 'gclk0_148m50_i'
Slack : 2.874
TNS   : 0.000

Type  : Slow 850mV 0C Model Minimum Pulse Width 'egress_refclk_0'
Slack : 3.367
TNS   : 0.000

Type  : Slow 850mV 0C Model Minimum Pulse Width 'clk125_pll|pll_0|altera_pll_i|general[2].gpll~PLL_OUTPUT_COUNTER|divclk'
Slack : 3.448
TNS   : 0.000

Type  : Slow 850mV 0C Model Minimum Pulse Width 'memrefclk_i'
Slack : 3.502
TNS   : 0.000

Type  : Slow 850mV 0C Model Minimum Pulse Width 'altera_reserved_tck'
Slack : 49.293
TNS   : 0.000

Type  : Fast 850mV 0C Model Setup 'clk125_pll|pll_0|altera_pll_i|general[0].gpll~PLL_OUTPUT_COUNTER|divclk'
Slack : 1.749
TNS   : 0.000

Type  : Fast 850mV 0C Model Setup 'sdi_tx_phy|xcvr_native_avgz_0|gen_native_inst.xcvr_native_insts[0].gen_bonded_group_native.xcvr_native_inst|inst_sv_pma|tx_pma.sv_tx_pma_inst|tx_pma_insts[0].sv_tx_pma_ch_inst|tx_pma_ch.tx_cgb|pclk[1]'
Slack : 1.862
TNS   : 0.000

Type  : Fast 850mV 0C Model Setup 'clk_lvds_i'
Slack : 5.499
TNS   : 0.000

Type  : Fast 850mV 0C Model Setup 'memrefclk_i'
Slack : 5.664
TNS   : 0.000

Type  : Fast 850mV 0C Model Setup 'gclk0_148m50_i'
Slack : 6.374
TNS   : 0.000

Type  : Fast 850mV 0C Model Setup 'clk125_pll|pll_0|altera_pll_i|general[2].gpll~PLL_OUTPUT_COUNTER|divclk'
Slack : 7.569
TNS   : 0.000

Type  : Fast 850mV 0C Model Setup 'n/a'
Slack : 15.847
TNS   : 0.000

Type  : Fast 850mV 0C Model Setup 'altera_reserved_tck'
Slack : 40.388
TNS   : 0.000

Type  : Fast 850mV 0C Model Hold 'altera_reserved_tck'
Slack : 0.008
TNS   : 0.000

Type  : Fast 850mV 0C Model Hold 'sdi_tx_phy|xcvr_native_avgz_0|gen_native_inst.xcvr_native_insts[0].gen_bonded_group_native.xcvr_native_inst|inst_sv_pma|tx_pma.sv_tx_pma_inst|tx_pma_insts[0].sv_tx_pma_ch_inst|tx_pma_ch.tx_cgb|pclk[1]'
Slack : 0.077
TNS   : 0.000

Type  : Fast 850mV 0C Model Hold 'clk125_pll|pll_0|altera_pll_i|general[0].gpll~PLL_OUTPUT_COUNTER|divclk'
Slack : 0.115
TNS   : 0.000

Type  : Fast 850mV 0C Model Hold 'clk_lvds_i'
Slack : 0.125
TNS   : 0.000

Type  : Fast 850mV 0C Model Hold 'memrefclk_i'
Slack : 0.132
TNS   : 0.000

Type  : Fast 850mV 0C Model Hold 'clk125_pll|pll_0|altera_pll_i|general[2].gpll~PLL_OUTPUT_COUNTER|divclk'
Slack : 0.142
TNS   : 0.000

Type  : Fast 850mV 0C Model Hold 'gclk0_148m50_i'
Slack : 0.193
TNS   : 0.000

Type  : Fast 850mV 0C Model Hold 'n/a'
Slack : 13.649
TNS   : 0.000

Type  : Fast 850mV 0C Model Recovery 'clk125_pll|pll_0|altera_pll_i|general[0].gpll~PLL_OUTPUT_COUNTER|divclk'
Slack : 2.417
TNS   : 0.000

Type  : Fast 850mV 0C Model Recovery 'clk_lvds_i'
Slack : 5.991
TNS   : 0.000

Type  : Fast 850mV 0C Model Recovery 'clk125_pll|pll_0|altera_pll_i|general[2].gpll~PLL_OUTPUT_COUNTER|divclk'
Slack : 7.625
TNS   : 0.000

Type  : Fast 850mV 0C Model Recovery 'altera_reserved_tck'
Slack : 97.249
TNS   : 0.000

Type  : Fast 850mV 0C Model Removal 'clk125_pll|pll_0|altera_pll_i|general[2].gpll~PLL_OUTPUT_COUNTER|divclk'
Slack : 0.186
TNS   : 0.000

Type  : Fast 850mV 0C Model Removal 'clk_lvds_i'
Slack : 0.202
TNS   : 0.000

Type  : Fast 850mV 0C Model Removal 'altera_reserved_tck'
Slack : 0.210
TNS   : 0.000

Type  : Fast 850mV 0C Model Removal 'clk125_pll|pll_0|altera_pll_i|general[0].gpll~PLL_OUTPUT_COUNTER|divclk'
Slack : 0.326
TNS   : 0.000

Type  : Fast 850mV 0C Model Minimum Pulse Width 'sdi_tx_phy|xcvr_native_avgz_0|gen_native_inst.xcvr_native_insts[0].gen_bonded_group_plls.gen_tx_plls.tx_plls|pll[0].pll.atx_pll.tx_pll|clk010g'
Slack : 0.084
TNS   : 0.000

Type  : Fast 850mV 0C Model Minimum Pulse Width 'clk125_pll|pll_0|altera_pll_i|general[0].gpll~FRACTIONAL_PLL|vcoph[0]'
Slack : 0.333
TNS   : 0.000

Type  : Fast 850mV 0C Model Minimum Pulse Width 'sdi_tx_phy|xcvr_native_avgz_0|gen_native_inst.xcvr_native_insts[0].gen_bonded_group_native.xcvr_native_inst|inst_sv_pma|tx_pma.sv_tx_pma_inst|tx_pma_insts[0].sv_tx_pma_ch_inst|tx_pma_ch.tx_cgb|pclk[1]'
Slack : 0.905
TNS   : 0.000

Type  : Fast 850mV 0C Model Minimum Pulse Width 'clk125_pll|pll_0|altera_pll_i|general[0].gpll~PLL_OUTPUT_COUNTER|divclk'
Slack : 0.935
TNS   : 0.000

Type  : Fast 850mV 0C Model Minimum Pulse Width 'clk_lvds_i'
Slack : 3.097
TNS   : 0.000

Type  : Fast 850mV 0C Model Minimum Pulse Width 'gclk0_148m50_i'
Slack : 3.100
TNS   : 0.000

Type  : Fast 850mV 0C Model Minimum Pulse Width 'egress_refclk_0'
Slack : 3.367
TNS   : 0.000

Type  : Fast 850mV 0C Model Minimum Pulse Width 'memrefclk_i'
Slack : 3.725
TNS   : 0.000

Type  : Fast 850mV 0C Model Minimum Pulse Width 'clk125_pll|pll_0|altera_pll_i|general[2].gpll~PLL_OUTPUT_COUNTER|divclk'
Slack : 3.740
TNS   : 0.000

Type  : Fast 850mV 0C Model Minimum Pulse Width 'altera_reserved_tck'
Slack : 48.955
TNS   : 0.000

------------------------------------------------------------
